Description  Nin-Tu~
X            801
Y            311
Map          0
End

Description  Western University Portal~
X            778
Y            312
Map          0
End

Description  Eastern Unversity Portal~
X            1034
Y            305
Map          0
End

Description  Tree of Wisdom Portal~
X            1040
Y            360
Map          0
End

Description  Rat Cavern Portal~
X            860
Y            330
Map          0
End

Description  Rantharg Dungeon Portal~
X            866
Y            469
Map          0
End

Description  Mt. Despair Portal~
X            978
Y            345
Map          0
End

Description  Dim Forest Portal~
X            911
Y            319
Map          0
End

Description  Ueraki Marshes Portal~
X            852
Y            403
Map          0
End

Description  Quest Portal~
X            732
Y            441
Map          0
End

Description  Berum's Manor~
X            1143
Y            422
Map          0
End

Description  Pureland Portal~
X            1034
Y            451
Map          0
End

Description  Nature's Retreat Portal~
X            849
Y            327
Map          0
End

Description  Bloodmarsh Entrance~
X            747
Y            330
Map          0
End

Stop
