#BIN
Bin1       0
Bin2       0
X          1059
Y          339
Map        0
Room       16000
Vnum       16111
End
#BIN
Bin1       0
Bin2       672
X          1055
Y          341
Map        0
Room       16000
Vnum       16136
End
#BIN
Bin1       0
Bin2       0
X          1064
Y          342
Map        0
Room       16000
Vnum       16134
End
#BIN
Bin1       0
Bin2       0
X          985
Y          326
Map        0
Room       16000
Vnum       16134
End
#BIN
Bin1       0
Bin2       0
X          780
Y          391
Map        0
Room       16000
Vnum       16134
End
#BIN
Bin1       0
Bin2       0
X          724
Y          368
Map        0
Room       16000
Vnum       16134
End
#BIN
Bin1       0
Bin2       0
X          985
Y          326
Map        0
Room       16000
Vnum       16136
End
#BIN
Bin1       0
Bin2       0
X          938
Y          287
Map        0
Room       16000
Vnum       16112
End
#BIN
Bin1       3240
Bin2       0
X          886
Y          291
Map        0
Room       16000
Vnum       16130
End
#BIN
Bin1       0
Bin2       0
X          841
Y          296
Map        0
Room       16000
Vnum       16133
End
#BIN
Bin1       0
Bin2       0
X          874
Y          284
Map        0
Room       16000
Vnum       16130
End
#BIN
Bin1       0
Bin2       1104
X          853
Y          313
Map        0
Room       16000
Vnum       16136
End
#BIN
Bin1       0
Bin2       0
X          930
Y          351
Map        0
Room       16000
Vnum       16134
End
#BIN
Bin1       0
Bin2       0
X          1056
Y          355
Map        0
Room       16000
Vnum       16137
End
#BIN
Bin1       0
Bin2       0
X          1059
Y          339
Map        0
Room       16000
Vnum       16112
End
#BIN
Bin1       0
Bin2       0
X          804
Y          309
Map        0
Room       16000
Vnum       16134
End
#BIN
Bin1       0
Bin2       0
X          857
Y          300
Map        0
Room       16000
Vnum       16135
End
#BIN
Bin1       1120
Bin2       0
X          985
Y          330
Map        0
Room       16000
Vnum       16134
End
#BIN
Bin1       0
Bin2       0
X          985
Y          330
Map        0
Room       16000
Vnum       16136
End
#BIN
Bin1       0
Bin2       0
X          985
Y          330
Map        0
Room       16000
Vnum       16137
End
#BIN
Bin1       0
Bin2       5800
X          900
Y          335
Map        0
Room       16000
Vnum       16110
End
#BIN
Bin1       0
Bin2       0
X          901
Y          334
Map        0
Room       16000
Vnum       16137
End
#BIN
Bin1       0
Bin2       0
X          901
Y          334
Map        0
Room       16000
Vnum       16137
End
#BIN
Bin1       0
Bin2       0
X          913
Y          352
Map        0
Room       16000
Vnum       16134
End
#BIN
Bin1       0
Bin2       0
X          864
Y          318
Map        0
Room       16000
Vnum       16134
End
#BIN
Bin1       0
Bin2       0
X          929
Y          364
Map        0
Room       16000
Vnum       16134
End
#BIN
Bin1       0
Bin2       0
X          929
Y          364
Map        0
Room       16000
Vnum       16137
End
#BIN
Bin1       0
Bin2       0
X          897
Y          368
Map        0
Room       16000
Vnum       16134
End
#BIN
Bin1       0
Bin2       0
X          784
Y          320
Map        0
Room       16000
Vnum       16136
End
#END
