zeus~
zarbon~
yourmother~
you~
yoda~
yamcha~
yajirobe~
xerves*~
xerv~
wolf~
wizlist~
weapon~
vul~
vryce~
void~
vejiita~
vegeta~
vader~
tut~
trojan*~
tim~
tiffa~
tifa~
thoric~
thing~
teslon~
tenshinhan~
tamborine~
stone~
stavros~
stan~
stable*~
sousui~
someone~
solomon~
silver~
silent~
shuu~
shit*~
shit~
shenlon~
sevrex~
setzer~
seth~
sephiroth~
self~
seifer~
saydur~
satan~
sartan~
roshi~
root~
rockett~
rock*~
rock~
rikuum~
rennard~
ranchi~
raistlin~
ragnarok~
raferr~
raferor~
rafermand~
raferman~
raferma~
raferm~
rafer*~
rafer~
rafe~
raf~
radits~
puuaru~
pug~
popo~
pooki~
pookachu~
pilaf~
pikachu~
piccolo~
patyrn~
patryn~
palpatine~
oz~
oyabun~
orlondo~
orlandan~
orlanda~
orland~
oolong~
ogre~
odin~
obiwan~
noven~
nove~
noone~
nivek~
nevan~
nev~
navie~
naven~
napster~
nappa~
napoleon~
napa~
namek~
nail~
mutenroushi~
minime~
merlon~
merlo~
merlin~
merlen~
merlan~
me~
maou~
lucifer~
list~
life~
kyle~
kushami~
kuririn~
krillin~
koor~
khabal~
kenny~
kasdan~
kami~
kamesennin~
kama~
kakarot~
kaiousama~
jonathan~
jiisu~
jesus~
jericho~
jedi~
jabba~
it~
immortal~
imm~
ihatehomos~
hydriss~
hydren~
human~
hood*~
hood~
hobbit~
hitler~
gyuu~
gurudo~
guran~
guest~
goku~
gohan~
god~
ginyuu~
genocide~
genki~
geltin~
fuck*~
freeze~
freeza~
fearo~
fear~
fargar~
fairy~
evangel~
enoemos~
emperor~
elvis~
elf~
ecstasy~
dwarf~
drizzt~
dracula~
dorand~
dodoria~
dingin~
dende~
delos~
dell~
delama~
death~
dain~
crono~
cornholio~
copenhagen~
copen~
cope~
cock*~
cloud~
cloak*~
cloak~
clit~
chronos~
chrono~
christ~
chong~
chichi~
chef~
cheech~
chargar~
chaozu~
chang~
cell~
cartman~
callisto~
caesar~
butthead~
buruma~
bubbles~
bose~
bobo~
bobeka~
bob~
blah~
bitch~
billclinton~
beer*~
beelzebub~
beavis~
batman~
bardock~
balzhur~
baata~
ash~
angel*~
anakan~
aliear~
alenxanth~
alazhum~
akira~
aaron~
*xerves~
*xerv~
*wis~
*wild~
*varl~
*trojan~
*taran~
*stone*~
*stakk~
*stable~
*shit~
*shaitan~
*sex~
*sart~
*sar~
*saiyajin~
*saiya~
*rook~
*rock~
*nev~
*minal~
*long~
*kratas~
*kehjaria~
*kami~
*kaiou~
*jedi~
*janus~
*hood~
*hell~
*goku~
*ginyuu~
*ghaleon~
*fuck~
*evil~
*ely~
*dantus~
*cock~
*cloud*~
*cloak~
*bitch~
*beyonder~
*argar~
*angel~
$~
