#GEM
vnum		21264
cost           10000
rarity         3
End
#GEM
vnum		21265
cost           11500
rarity         3
End
#GEM
vnum		21266
cost           500
rarity         1
End
#GEM
vnum		21267
cost           1000
rarity         1
End
#GEM
vnum		21268
cost           4000
rarity         2
End
#GEM
vnum		21269
cost           153
rarity         1
End
#GEM
vnum		21270
cost           15600
rarity         4
End
#GEM
vnum		21271
cost           6340
rarity         3
End
#GEM
vnum		21272
cost           703
rarity         1
End
#GEM
vnum		21273
cost           7441
rarity         3
End
#GEM
vnum		21274
cost           14339
rarity         3
End
#GEM
vnum		21275
cost           19833
rarity         4
End
#GEM
vnum		21276
cost           823
rarity         1
End
#GEM
vnum		21277
cost           8563
rarity         3
End
#GEM
vnum		21278
cost           24912
rarity         4
End
#GEM
vnum		21279
cost           8853
rarity         3
End
#GEM
vnum		21280
cost           12357
rarity         2
End
#GEM
vnum		21281
cost           9976
rarity         2
End
#GEM
vnum		21282
cost           5011
rarity         2
End
#GEM
vnum		21283
cost           1101
rarity         1
End
#GEM
vnum		21284
cost           1000
rarity         1
End
#GEM
vnum		21285
cost           1100
rarity         1
End
#GEM
vnum		21286
cost           13249
rarity         3
End
#GEM
vnum		21287
cost           4781
rarity         2
End
#GEM
vnum		21288
cost           3376
rarity         2
End
#GEM
vnum		21289
cost           9088
rarity         2
End
#END
